interactions:
- request:
    body: apikey=test_api_key&grant_type=urn%3Aibm%3Aparams%3Aoauth%3Agrant-type%3Aapikey
    headers:
      Accept:
      - '*/*'
      Accept-Encoding:
      - gzip, deflate
      Connection:
      - keep-alive
      Content-Length:
      - '111'
      Content-Type:
      - application/x-www-form-urlencoded
      User-Agent:
      - python-requests/2.31.0
    method: POST
    uri: https://iam.cloud.ibm.com/oidc/token
  response:
    body:
      string: '{"access_token":"eyJhbGciOiJIUzI1NiIsInR5cCI6IkpXVCJ9.eyJuYW1lIjoibm9uZSIsInN1YiI6Im5vb25lQGlibS5jb20iLCJpYW1faWQiOiJJQk1pZC0xMDAwMDBQVzAwIiwiYWNjb3VudCI6eyJic3MiOiJhYmMxMjMifSwiaWF0IjoxNzA4NTkzNzM3LCJleHAiOjIwMjM5NTM3Mzd9.iYXuVHrO3J-InoMRvwM2ENUlUWsiLzut_9wo97McECU","refresh_token":"eyJhbGciOiJydCJ9.eyJpYW1faWQiOiJJQk1pZC0xMTAwMDBTRFMxIiwiYWNjb3VudF9pZCI6ImQ3NTY2MTc1NzVmZjYzMWYzMmFiYzkzNzI1ZDIxYjdjIn0.f8p9rFmcUEa1cBeBteWI1upnP5l4f9dysuKKFn6tO83FLZBDvIi3UubtxVdgmGh7VfB2ZgmgpIE0ZyPYVmJef3JfAGEJYkvC87xPzrCVyBSlnoRrQUW6oBfJVQYZEsFtd9lVJlN0-HCCLNR0aFnEPKBNfBM1YA2enkq5aSL6NjTp_JJR4SadpchKNmeUj9HIzoAGU8sRSHr5rHS156hUwc5W-ecZflS_KFLEmE-Zv1zNZ6jTuRF4bLmLKIPK-9pODu7wFEMi5GX3KbTMbTs1Vgg9i6bPso_8FWS2Wv29cjMrIEe2fMZBAGP4d6BYicITrExJoOblWwRyIq-ahPSYWwJ-dJI6lbYXefBtK2Om-7a8NtuQ8a1qRlL5NHmD8Ks42GxuRzRiGv8lV_OdySgBSm6cLLgPquLTU8ERreKnZeV6b9e8P-UiYEaWgz1HvvWAproZFu9e0zCWwPQU9dR2ZpecEssX9t0O9Eo1lnittvv_LpXR5yOISMKuYfT8ipawyOxNtGE7fuh05sBrzsmj0Uw1auy36uojzMKO4oSqkDI6mTFn_z0VBOIY1Zh3ly0g9VQEQlFwt-sWK2MshFD2Hjez7-AWT_ydorFL2497TGBn5JpiNcdExlZYXuRGXl4HY5c-sWbdVNb14Yhft1h6Fof0YhASnwH0k3JCQfo_ec_P6NMZeypK-fZLe5ma4H3Z1lo3Jji7J0zMwbPpWjcUheUlgLqJb2Pyr3k9GQxu9bErnHShIUdxM-4x3JNnKe-PwwyxMW9VR_cglwnYfWqflXBtttnmYGgSKc5KEZMuY6-Jj6HhwDF4RUlc6mFK_v_1KVtQUyULZbGX6ctZKBxSysgl6p7mbDbzdLwLNZisulITyCt-LQzWsLL4WWOQxRQF-UykGR63_6temZ--EJi9wRmm9fJ5qdfCHdsI9v1pA3LOuNFsPfJE63TeYCdG2kf7JF_2ElLo_IaQTDQ5TunU4GV-LLoc6b-7dhFdI8fQfGvO4ZPWLFQZ9lCfDUiGmbkEWUhgy59lWtKVuqpVB2qJWKYwUg-P41m_zFlIETj4sz0ELNtR32H6F9I5A6F5vvX2P30wAvW2PBsSnWE474fb5EUI_ejweOyEz-067Qis4JIUsguIbmI8-JDuMDobSbyFA2_ujkUBjcbRqrQs4bY86hbu-w_-Wqf1qbKYxpV8Mb3SQLM0PaCAhCjbq9o5gcfhUhP-9HWgCla04BVTPqrf7nJc270bcyKb_HDar3SiTYgxDe-WFCXP2uX_QS1EziqkP-uPvnlaz1yjC8Uxw76MzuTbmPxllcH8RuOnAz2ai-9nXKM2RiN06D62bE0mc-NB1k1Q8ZYr6YsW-rAPIJ6BC8NL","token_type":"Bearer","expires_in":3600,"expiration":1708597208,"refresh_token_expiration":1708852808,"scope":"ibm
        openid"}'
    headers:
      Akamai-GRN:
      - 0.0fd82317.1708593609.d7826af2
      Cache-Control:
      - no-cache, no-store, must-revalidate
      Connection:
      - keep-alive
      Content-Language:
      - en-US
      Content-Type:
      - application/json
      Date:
      - Thu, 22 Feb 2024 09:20:11 GMT
      Expires:
      - '0'
      Pragma:
      - no-cache
      Vary:
      - Accept-Encoding
      content-length:
      - '2966'
      strict-transport-security:
      - max-age=31536000; includeSubDomains
      transaction-id:
      - aGg2cjQ-41496baa032e4acea087cc873ff16117
      x-content-type-options:
      - nosniff
      x-correlation-id:
      - aGg2cjQ-41496baa032e4acea087cc873ff16117
      x-proxy-upstream-service-time:
      - '1854'
      x-request-id:
      - b3b8c9c1-8870-4858-ae58-87eeee555126
    status:
      code: 200
      message: OK
- request:
    body: null
    headers:
      Accept:
      - '*/*'
      Accept-Encoding:
      - gzip, deflate
      Connection:
      - keep-alive
      Content-Type:
      - application/json
      ML-Instance-ID:
      - invalid
      User-Agent:
      - python-requests/2.31.0
      X-WML-User-Client:
      - PythonClient
      x-wml-internal-switch-to-new-v4:
      - 'true'
    method: GET
    uri: https://api.dataplatform.cloud.ibm.com/v2/spaces?limit=1
  response:
    body:
      string: "{\n  \"first\": {\n    \"href\": \"https://api.dataplatform.cloud.ibm.com/v2/spaces?limit=1\"\n
        \ },\n  \"limit\": 1,\n  \"resources\": []\n}"
    headers:
      CF-Cache-Status:
      - DYNAMIC
      CF-RAY:
      - 859626dbe823aaac-SJC
      Cache-Control:
      - no-cache, no-store, must-revalidate
      Connection:
      - keep-alive
      Content-Type:
      - application/json
      Date:
      - Thu, 22 Feb 2024 09:20:12 GMT
      Pragma:
      - no-cache
      Server:
      - cloudflare
      Set-Cookie:
      - __cf_bm=L.jvKqMtMng97Pz4E5xddajxdSS9.YZlxfgEZdbpoCw-1708593612-1.0-AXnflGd9ZAAv5TOURqGcb44U9Eu0qWVI3Px/goxvuNMx5NnogX8BPuVX0StrBu6DtDvr6pKJFrS8mW0wVfxAq9U=;
        path=/; expires=Thu, 22-Feb-24 09:50:12 GMT; domain=.dataplatform.cloud.ibm.com;
        HttpOnly; Secure; SameSite=None
      Strict-Transport-Security:
      - max-age=15724800; includeSubDomains
      Transfer-Encoding:
      - chunked
      X-Content-Type-Options:
      - nosniff
      X-XSS-Protection:
      - 1; mode=block
      - 1; mode=block
      content-length:
      - '124'
      user-agent:
      - python-requests/2.31.0
      x-global-transaction-id:
      - NWI3NWM3YmYtYmMzYy00MWQ5LWI2NmEtMTA3MmMxYmM0NjJk
    status:
      code: 200
      message: OK
- request:
    body: null
    headers:
      Accept:
      - '*/*'
      Accept-Encoding:
      - gzip, deflate
      Connection:
      - keep-alive
      Content-Type:
      - application/json
      ML-Instance-ID:
      - invalid
      User-Agent:
      - python-requests/2.31.0
      X-WML-User-Client:
      - PythonClient
      x-wml-internal-switch-to-new-v4:
      - 'true'
    method: GET
    uri: https://api.dataplatform.cloud.ibm.com/v2/projects/c1234567-2222-2222-3333-444444444444
  response:
    body:
      string: '{"metadata":{"guid":"c1234567-2222-2222-3333-444444444444","url":"/v2/projects/c1234567-2222-2222-3333-444444444444","created_at":"2023-10-31T04:35:59.982Z","updated_at":"2023-10-31T04:36:01.922Z"},"entity":{"name":"test''s
        sandbox","generator":"wx-registration-sandbox","description":"A project to
        try things in","storage":{"type":"bmcos_object_storage","guid":"029fd735-8b39-4f63-ae3e-184cd09e2ef4","properties":{"bucket_name":"testsandbox-donotdelete-pr-fxebzqo5e7buoh","bucket_region":"us-south","credentials":{"admin":{"api_key":"BRvKLoH1Zv3rgdMKRGzicrU0e_DHTGqnHPeGcsV042Ku","service_id":"iam-ServiceId-77aa8112-1ccf-41c7-a23b-7ae9a7383d18","access_key_id":"75156d5c76b84b5aa8c52c5e30fa7b94","secret_access_key":"89972f9d00ad41d50373dc063b2abfb235304253e6d3a85a"},"editor":{"api_key":"meK4GP8qxQz8DwHsyjZ1Tfb0XFd_HPMq3tKGS2tHHov5","service_id":"iam-ServiceId-748a6634-45fa-4ac5-98c9-92ef2225589c","access_key_id":"5bdbe8241b454c5294551fa2ca81b7ed","secret_access_key":"2c9c16cf1fda09fc767abeeb3fb83916e85a9de8a0beca17","resource_key_crn":"crn:v1:bluemix:public:cloud-object-storage:global:a/d756617575ff631f32abc93725d21b7c:029fd735-8b39-4f63-ae3e-184cd09e2ef4:resource-key:5bdbe824-1b45-4c52-9455-1fa2ca81b7ed"},"viewer":{"api_key":"2l3HLVvUxDeCxIvgoujd_eBITVgonzT2fEvk7J-uDdX6","service_id":"iam-ServiceId-1d3fb404-1c75-40e6-a58c-dfaf78876a7b","access_key_id":"51e93fea39fa4b4fb9cf3aa14f98edf9","secret_access_key":"6948048c49422b36a14013ead56e6a42ff4cf77fd50263a2","resource_key_crn":"crn:v1:bluemix:public:cloud-object-storage:global:a/d756617575ff631f32abc93725d21b7c:029fd735-8b39-4f63-ae3e-184cd09e2ef4:resource-key:51e93fea-39fa-4b4f-b9cf-3aa14f98edf9"}},"endpoint_url":"https://s3.us-south.cloud-object-storage.appdomain.cloud"}},"compute":[{"type":"machine_learning","guid":"fd36e2e7-6b2b-480d-90a7-62b0e78389d3","name":"WatsonMachineLearning","crn":"crn:v1:bluemix:public:pm-20:us-south:a/d756617575ff631f32abc93725d21b7c:fd36e2e7-6b2b-480d-90a7-62b0e78389d3::","credentials":{}}],"scope":{"bss_account_id":"d756617575ff631f32abc93725d21b7c","saml_instance_name":"IBM
        w3id","enforce_members":true},"type":"wx","public":false,"creator":"none@ibm.com","creator_iam_id":"IBMid-110000SDS1","catalog":{"public":false,"guid":"3f5851db-d08d-4d56-98e6-7fa55a2e1fb8"}}}'
    headers:
      CF-Cache-Status:
      - DYNAMIC
      CF-RAY:
      - 859626e9ee41984e-SJC
      Connection:
      - keep-alive
      Content-Type:
      - application/json; charset=utf-8
      Date:
      - Thu, 22 Feb 2024 09:20:14 GMT
      ETag:
      - W/"8ed-Yz2q1+Gj6GwUDN+TPCQljQxzpEk"
      Server:
      - cloudflare
      Server-Timing:
      - intid;desc=e424aa0ceb8e5c66
      Set-Cookie:
      - __cf_bm=U58d9NWb8b1S5tc8afiPdxbo.y2PfFORjPyfFajKE9Y-1708593614-1.0-ASmGOngYWiUAqOpUtfhIQG1UolPLkh8/sZyNdMyCi8gx5K4zGDkd9AZtyH/ddcqmZ047Zyu+fft6quvVFH77wxQ=;
        path=/; expires=Thu, 22-Feb-24 09:50:14 GMT; domain=.dataplatform.cloud.ibm.com;
        HttpOnly; Secure; SameSite=None
      Strict-Transport-Security:
      - max-age=15724800; includeSubDomains
      Transfer-Encoding:
      - chunked
      Vary:
      - Accept-Encoding
      X-IBM-API-Version:
      - 2.43.2
      X-XSS-Protection:
      - 1; mode=block
      content-length:
      - '2285'
    status:
      code: 200
      message: OK
- request:
    body: null
    headers:
      Accept:
      - '*/*'
      Accept-Encoding:
      - gzip, deflate
      Connection:
      - keep-alive
      Content-Type:
      - application/json
      User-Agent:
      - python-requests/2.31.0
    method: GET
    uri: https://us-south.ml.cloud.ibm.com/ml/v4/instances/fd36e2e7-6b2b-480d-90a7-62b0e78389d3?version=2024-02-07&project_id=c1234567-2222-2222-3333-444444444444
  response:
    body:
      string: "{\n  \"entity\": {\n    \"account\": {\n      \"id\": \"d756617575ff631f32abc93725d21b7c\"\n
        \   },\n    \"consumption\": {\n      \"capacity_unit_hours\": {\n        \"current\":
        0.0,\n        \"limit\": 20.0\n      },\n      \"deployment_job_count\": {\n
        \       \"limit\": 100\n      },\n      \"do_job_count\": {\n        \"limit\":
        2\n      },\n      \"gpu_count\": {\n        \"limit\": 0\n      },\n      \"token_count\":
        {\n        \"current\": 3238,\n        \"limit\": 50000\n      }\n    },\n
        \   \"crn\": \"crn:v1:bluemix:public:pm-20:us-south:a/d756617575ff631f32abc93725d21b7c:fd36e2e7-6b2b-480d-90a7-62b0e78389d3::\",\n
        \   \"plan\": {\n      \"id\": \"3f6acf43-ede8-413a-ac69-f8af3bb0cbfe\",\n
        \     \"name\": \"lite\",\n      \"version\": 2\n    },\n    \"resource_group_id\":
        \"70727d441e174dd0afad5e36a73b986e\",\n    \"service_endpoints\": \"public\",\n
        \   \"status\": \"Active\"\n  },\n  \"metadata\": {\n    \"created_at\": \"2023-08-04T05:44:54.592Z\",\n
        \   \"modified_at\": \"2023-08-04T05:44:54.592Z\",\n    \"tags\": [],\n    \"id\":
        \"fd36e2e7-6b2b-480d-90a7-62b0e78389d3\"\n  }\n}"
    headers:
      CF-Cache-Status:
      - DYNAMIC
      CF-RAY:
      - 859626f2a95496d5-SJC
      Cache-Control:
      - no-cache, no-store, must-revalidate
      Connection:
      - keep-alive
      Content-Type:
      - application/json
      Date:
      - Thu, 22 Feb 2024 09:20:16 GMT
      Pragma:
      - no-cache
      Server:
      - cloudflare
      Strict-Transport-Security:
      - max-age=31536000; includeSubDomains
      Transfer-Encoding:
      - chunked
      X-Content-Type-Options:
      - nosniff
      X-Xss-Protection:
      - 1; mode=block
      - 1; mode=block
      content-length:
      - '985'
      server-timing:
      - intid;desc=ff5f93e0947e46ca
      x-global-transaction-id:
      - fda95b503eb4ad5fb712b4616f37a511
      - fda95b503eb4ad5fb712b4616f37a511
    status:
      code: 200
      message: OK
- request:
    body: null
    headers:
      Accept:
      - '*/*'
      Accept-Encoding:
      - gzip, deflate
      Connection:
      - keep-alive
      User-Agent:
      - python-requests/2.31.0
      X-WML-User-Client:
      - PythonClient
    method: GET
    uri: https://us-south.ml.cloud.ibm.com/ml/v1-beta/foundation_model_specs?version=2023-09-30
  response:
    body:
      string: '{"total_count":14,"limit":100,"first":{"href":"https://us-south.ml.cloud.ibm.com/ml/v1-beta/foundation_model_specs?version=2023-09-30"},"resources":[{"model_id":"bigcode/starcoder","label":"starcoder-15.5b","provider":"BigCode","source":"Hugging
        Face","short_description":"The StarCoder models are 15.5B parameter models
        that can generate code from natural language descriptions.","long_description":"The
        StarCoder models are 15.5B parameter models trained on 80+ programming languages
        from The Stack (v1.2), with opt-out requests excluded. The model uses Multi
        Query Attention, a context window of 8192 tokens, and was trained using the
        Fill-in-the-Middle objective on 1 trillion tokens.","tier":"class_2","number_params":"15.5b","min_shot_size":0,"task_ids":["code"],"tasks":[{"id":"retrieval_augmented_generation","ratings":{"quality":1}},{"id":"code"}],"model_limits":{"max_sequence_length":8192},"limits":{"lite":{"call_time":"5m0s","max_output_tokens":8191},"v2-professional":{"call_time":"5m0s","max_output_tokens":8191},"v2-standard":{"call_time":"5m0s","max_output_tokens":8191}},"lifecycle":[{"id":"available","start_date":"2023-08-31"},{"id":"constricted","label":"deprecated
        and constricted","start_date":"2024-02-15","alternative_model_ids":["ibm-mistralai/mixtral-8x7b-instruct-v01-q"]},{"id":"withdrawn","start_date":"2024-03-21","alternative_model_ids":["ibm-mistralai/mixtral-8x7b-instruct-v01-q"]}]},{"model_id":"bigscience/mt0-xxl","label":"mt0-xxl-13b","provider":"BigScience","source":"Hugging
        Face","short_description":"An instruction-tuned iteration on mT5.","long_description":"mt0-xxl
        (13B) is an instruction-tuned iteration on mT5. Like BLOOMZ, it was fine-tuned
        on a cross-lingual task mixture dataset (xP3) using multitask prompted finetuning
        (MTF).","tier":"class_2","number_params":"13b","min_shot_size":0,"task_ids":["question_answering","summarization","classification","generation"],"tasks":[{"id":"question_answering","ratings":{"quality":3}},{"id":"summarization","ratings":{"quality":3}},{"id":"retrieval_augmented_generation","ratings":{"quality":2}},{"id":"classification","ratings":{"quality":3}},{"id":"generation"},{"id":"extraction","ratings":{"quality":2}}],"model_limits":{"max_sequence_length":4096},"limits":{"lite":{"call_time":"5m0s","max_output_tokens":700},"v2-professional":{"call_time":"5m0s","max_output_tokens":4095},"v2-standard":{"call_time":"5m0s","max_output_tokens":4095}},"lifecycle":[{"id":"available","start_date":"2023-07-07"}]},{"model_id":"eleutherai/gpt-neox-20b","label":"gpt-neox-20b","provider":"EleutherAI","source":"Hugging
        Face","short_description":"A 20 billion parameter autoregressive language
        model trained on the Pile.","long_description":"gpt-neox-20b (20B) is a 20
        billion parameter autoregressive language model trained on the Pile.","tier":"class_3","number_params":"20b","min_shot_size":1,"task_ids":["summarization","classification","generation"],"tasks":[{"id":"question_answering","ratings":{"quality":2}},{"id":"summarization","ratings":{"quality":3}},{"id":"retrieval_augmented_generation","ratings":{"quality":1}},{"id":"classification","ratings":{"quality":3}},{"id":"generation"},{"id":"extraction","ratings":{"quality":2}}],"model_limits":{"max_sequence_length":8192},"limits":{"lite":{"call_time":"5m0s","max_output_tokens":700},"v2-professional":{"call_time":"5m0s","max_output_tokens":8191},"v2-standard":{"call_time":"5m0s","max_output_tokens":8191}},"lifecycle":[{"id":"available","start_date":"2023-07-07"},{"id":"constricted","label":"deprecated
        and constricted","start_date":"2024-02-15","alternative_model_ids":["ibm-mistralai/mixtral-8x7b-instruct-v01-q"]},{"id":"withdrawn","start_date":"2024-03-21","alternative_model_ids":["ibm-mistralai/mixtral-8x7b-instruct-v01-q"]}]},{"model_id":"google/flan-t5-xl","label":"flan-t5-xl-3b","provider":"Google","source":"Hugging
        Face","short_description":"A pretrained T5 - an encoder-decoder model pre-trained
        on a mixture of supervised / unsupervised tasks converted into a text-to-text
        format.","long_description":"flan-t5-xl (3B) is a 3 billion parameter model
        based on the Flan-T5 family. It is a pretrained T5 - an encoder-decoder model
        pre-trained on a mixture of supervised / unsupervised tasks converted into
        a text-to-text format, and fine-tuned on the Fine-tuned Language Net (FLAN)
        with instructions for better zero-shot and few-shot performance.","tier":"class_1","number_params":"3b","min_shot_size":0,"task_ids":["question_answering","summarization","retrieval_augmented_generation","classification","generation","extraction"],"tasks":[{"id":"question_answering"},{"id":"summarization","tags":["function_prompt_tune_trainable"]},{"id":"retrieval_augmented_generation"},{"id":"classification","tags":["function_prompt_tune_trainable"]},{"id":"generation","tags":["function_prompt_tune_trainable"]},{"id":"extraction"}],"model_limits":{"max_sequence_length":4096},"limits":{"lite":{"call_time":"5m0s","max_output_tokens":4095},"v2-professional":{"call_time":"5m0s","max_output_tokens":4095},"v2-standard":{"call_time":"5m0s","max_output_tokens":4095}},"lifecycle":[{"id":"available","start_date":"2023-12-07"}],"training_parameters":{"init_method":{"supported":["random","text"],"default":"random"},"init_text":{"default":"text"},"num_virtual_tokens":{"supported":[20,50,100],"default":100},"num_epochs":{"default":20,"min":1,"max":50},"verbalizer":{"default":"Input:
        {{input}} Output:"},"batch_size":{"default":16,"min":1,"max":16},"max_input_tokens":{"default":256,"min":1,"max":256},"max_output_tokens":{"default":128,"min":1,"max":128},"torch_dtype":{"default":"bfloat16"},"accumulate_steps":{"default":16,"min":1,"max":128},"learning_rate":{"default":0.3,"min":0.00001,"max":0.5}}},{"model_id":"google/flan-t5-xxl","label":"flan-t5-xxl-11b","provider":"Google","source":"Hugging
        Face","short_description":"flan-t5-xxl is an 11 billion parameter model based
        on the Flan-T5 family.","long_description":"flan-t5-xxl (11B) is an 11 billion
        parameter model based on the Flan-T5 family. It is a pretrained T5 - an encoder-decoder
        model pre-trained on a mixture of supervised / unsupervised tasks converted
        into a text-to-text format, and fine-tuned on the Fine-tuned Language Net
        (FLAN) with instructions for better zero-shot and few-shot performance.","tier":"class_2","number_params":"11b","min_shot_size":0,"task_ids":["question_answering","summarization","retrieval_augmented_generation","classification","generation","extraction"],"tasks":[{"id":"question_answering","ratings":{"quality":4}},{"id":"summarization","ratings":{"quality":4}},{"id":"retrieval_augmented_generation","ratings":{"quality":3}},{"id":"classification","ratings":{"quality":4}},{"id":"generation"},{"id":"extraction","ratings":{"quality":4}}],"model_limits":{"max_sequence_length":4096},"limits":{"lite":{"call_time":"5m0s","max_output_tokens":700},"v2-professional":{"call_time":"5m0s","max_output_tokens":4095},"v2-standard":{"call_time":"5m0s","max_output_tokens":4095}},"lifecycle":[{"id":"available","start_date":"2023-07-07"}]},{"model_id":"google/flan-ul2","label":"flan-ul2-20b","provider":"Google","source":"Hugging
        Face","short_description":"flan-ul2 is an encoder decoder model based on the
        T5 architecture and instruction-tuned using the Fine-tuned Language Net.","long_description":"flan-ul2
        (20B) is an encoder decoder model based on the T5 architecture and instruction-tuned
        using the Fine-tuned Language Net (FLAN). Compared to the original UL2 model,
        flan-ul2 (20B) is more usable for few-shot in-context learning because it
        was trained with a three times larger receptive field. flan-ul2 (20B) outperforms
        flan-t5 (11B) by an overall relative improvement of +3.2%.","tier":"class_3","number_params":"20b","min_shot_size":0,"task_ids":["question_answering","summarization","retrieval_augmented_generation","classification","generation","extraction"],"tasks":[{"id":"question_answering","ratings":{"quality":4}},{"id":"summarization","ratings":{"quality":4}},{"id":"retrieval_augmented_generation","ratings":{"quality":4}},{"id":"classification","ratings":{"quality":4}},{"id":"generation"},{"id":"extraction","ratings":{"quality":4}}],"model_limits":{"max_sequence_length":4096},"limits":{"lite":{"call_time":"5m0s","max_output_tokens":700},"v2-professional":{"call_time":"5m0s","max_output_tokens":4095},"v2-standard":{"call_time":"5m0s","max_output_tokens":4095}},"lifecycle":[{"id":"available","start_date":"2023-07-07"}]},{"model_id":"ibm-mistralai/mixtral-8x7b-instruct-v01-q","label":"mixtral-8x7b-instruct-v01-q","provider":"Mistral
        AI","tuned_by":"IBM","source":"Hugging Face","short_description":"Mixtral-8-7b-instruct-v01-gptq
        model is made with AutoGPTQ, which mainly leverages the quantization technique
        to ''compress'' the model weights from FP16 to 4-bit INT and performs ''decompression''
        on-the-fly before computation (in FP16)","long_description":"This model is
        made with AutoGPTQ, which mainly leverages the quantization technique to ''compress''
        the model weights from FP16 to 4-bit INT and performs ''decompression'' on-the-fly
        before computation (in FP16). As a result, the GPU memory, and the data transferring
        between GPU memory and GPU compute engine, compared to the original FP16 model,
        is greatly reduced. The major quantization parameters used in the process
        are listed below.","tier":"class_2","number_params":"7b","min_shot_size":1,"task_ids":["summarization","retrieval_augmented_generation","classification","generation","code","extraction"],"tasks":[{"id":"summarization","ratings":{"quality":4}},{"id":"retrieval_augmented_generation","ratings":{"quality":3}},{"id":"classification","ratings":{"quality":4}},{"id":"generation"},{"id":"code"},{"id":"extraction","ratings":{"quality":4}}],"model_limits":{"max_sequence_length":32768},"limits":{"lite":{"call_time":"5m0s","max_output_tokens":4096},"v2-professional":{"call_time":"5m0s","max_output_tokens":4096},"v2-standard":{"call_time":"5m0s","max_output_tokens":4096}},"lifecycle":[{"id":"available","start_date":"2024-02-15"}]},{"model_id":"ibm/granite-13b-chat-v1","label":"granite-13b-chat-v1","provider":"IBM","source":"IBM","short_description":"The
        Granite model series is a family of IBM-trained, dense decoder-only models,
        which are particularly well-suited for generative tasks.","long_description":"Granite
        models are designed to be used for a wide range of generative and non-generative
        tasks with appropriate prompt engineering. They employ a GPT-style decoder-only
        architecture, with additional innovations from IBM Research and the open community.","tier":"class_1","number_params":"13b","min_shot_size":0,"task_ids":["question_answering","summarization","classification","generation","extraction"],"tasks":[{"id":"question_answering","ratings":{"quality":3}},{"id":"summarization","ratings":{"quality":2}},{"id":"retrieval_augmented_generation","ratings":{"quality":2}},{"id":"classification","ratings":{"quality":3}},{"id":"generation"},{"id":"extraction","ratings":{"quality":2}}],"model_limits":{"max_sequence_length":8192},"limits":{"lite":{"call_time":"5m0s","max_output_tokens":8191},"v2-professional":{"call_time":"5m0s","max_output_tokens":8191},"v2-standard":{"call_time":"5m0s","max_output_tokens":8191}},"lifecycle":[{"id":"available","start_date":"2023-09-28"},{"id":"constricted","label":"deprecated
        and constricted","start_date":"2024-01-11","alternative_model_ids":["ibm/granite-13b-chat-v2"]},{"id":"withdrawn","start_date":"2024-04-11","alternative_model_ids":["ibm/granite-13b-chat-v2"]}]},{"model_id":"ibm/granite-13b-chat-v2","label":"granite-13b-chat-v2","provider":"IBM","source":"IBM","short_description":"The
        Granite model series is a family of IBM-trained, dense decoder-only models,
        which are particularly well-suited for generative tasks.","long_description":"Granite
        models are designed to be used for a wide range of generative and non-generative
        tasks with appropriate prompt engineering. They employ a GPT-style decoder-only
        architecture, with additional innovations from IBM Research and the open community.","tier":"class_1","number_params":"13b","min_shot_size":0,"task_ids":["question_answering","summarization","classification","generation","extraction"],"tasks":[{"id":"question_answering","ratings":{"quality":3}},{"id":"summarization","ratings":{"quality":2}},{"id":"retrieval_augmented_generation","ratings":{"quality":2}},{"id":"classification","ratings":{"quality":3}},{"id":"generation"},{"id":"extraction","ratings":{"quality":2}}],"model_limits":{"max_sequence_length":8192},"limits":{"lite":{"call_time":"5m0s","max_output_tokens":8191},"v2-professional":{"call_time":"5m0s","max_output_tokens":8191},"v2-standard":{"call_time":"5m0s","max_output_tokens":8191}},"lifecycle":[{"id":"available","start_date":"2024-02-15"}]},{"model_id":"ibm/granite-13b-instruct-v1","label":"granite-13b-instruct-v1","provider":"IBM","source":"IBM","short_description":"The
        Granite model series is a family of IBM-trained, dense decoder-only models,
        which are particularly well-suited for generative tasks.","long_description":"Granite
        models are designed to be used for a wide range of generative and non-generative
        tasks with appropriate prompt engineering. They employ a GPT-style decoder-only
        architecture, with additional innovations from IBM Research and the open community.","tier":"class_1","number_params":"13b","min_shot_size":0,"task_ids":["question_answering","summarization","classification","generation","extraction"],"tasks":[{"id":"question_answering","ratings":{"quality":3}},{"id":"summarization","ratings":{"quality":2}},{"id":"retrieval_augmented_generation","ratings":{"quality":2}},{"id":"classification","ratings":{"quality":3}},{"id":"generation"},{"id":"extraction","ratings":{"quality":2}}],"model_limits":{"max_sequence_length":8192},"limits":{"lite":{"call_time":"5m0s","max_output_tokens":8191},"v2-professional":{"call_time":"5m0s","max_output_tokens":8191},"v2-standard":{"call_time":"5m0s","max_output_tokens":8191}},"lifecycle":[{"id":"available","start_date":"2023-09-28"},{"id":"constricted","label":"deprecated
        and constricted","start_date":"2024-01-11","alternative_model_ids":["ibm/granite-13b-instruct-v2"]},{"id":"withdrawn","start_date":"2024-04-11","alternative_model_ids":["ibm/granite-13b-instruct-v2"]}]},{"model_id":"ibm/granite-13b-instruct-v2","label":"granite-13b-instruct-v2","provider":"IBM","source":"IBM","short_description":"The
        Granite model series is a family of IBM-trained, dense decoder-only models,
        which are particularly well-suited for generative tasks.","long_description":"Granite
        models are designed to be used for a wide range of generative and non-generative
        tasks with appropriate prompt engineering. They employ a GPT-style decoder-only
        architecture, with additional innovations from IBM Research and the open community.","tier":"class_1","number_params":"13b","min_shot_size":0,"task_ids":["question_answering","summarization","classification","generation","extraction"],"tasks":[{"id":"question_answering","ratings":{"quality":3}},{"id":"summarization","ratings":{"quality":2}},{"id":"retrieval_augmented_generation","ratings":{"quality":2}},{"id":"classification","ratings":{"quality":3}},{"id":"generation"},{"id":"extraction","ratings":{"quality":2}}],"model_limits":{"max_sequence_length":8192},"limits":{"lite":{"call_time":"5m0s","max_output_tokens":8191},"v2-professional":{"call_time":"5m0s","max_output_tokens":8191},"v2-standard":{"call_time":"5m0s","max_output_tokens":8191}},"lifecycle":[{"id":"available","start_date":"2023-12-01"}]},{"model_id":"ibm/mpt-7b-instruct2","label":"mpt-7b-instruct2","provider":"Mosaic","tuned_by":"IBM","source":"Hugging
        Face","short_description":"MPT-7B is a decoder-style transformer pretrained
        from scratch on 1T tokens of English text and code. This model was trained
        by IBM.","long_description":"MPT-7B is part of the family of MosaicPretrainedTransformer
        (MPT) models, which use a modified transformer architecture optimized for
        efficient training and inference. These architectural changes include performance-optimized
        layer implementations and the elimination of context length limits by replacing
        positional embeddings with Attention with Linear Biases (ALiBi).","tier":"class_1","number_params":"7b","min_shot_size":0,"task_ids":["summarization","classification","generation","extraction"],"tasks":[{"id":"question_answering","ratings":{"quality":2}},{"id":"summarization","ratings":{"quality":3}},{"id":"retrieval_augmented_generation","ratings":{"quality":1}},{"id":"classification","ratings":{"quality":3}},{"id":"generation"},{"id":"extraction","ratings":{"quality":3}}],"model_limits":{"max_sequence_length":2048},"limits":{"lite":{"call_time":"5m0s","max_output_tokens":500},"v2-professional":{"call_time":"5m0s","max_output_tokens":2047},"v2-standard":{"call_time":"5m0s","max_output_tokens":2047}},"lifecycle":[{"id":"available","start_date":"2023-07-07"},{"id":"constricted","label":"deprecated
        and constricted","start_date":"2024-02-15","alternative_model_ids":["ibm-mistralai/mixtral-8x7b-instruct-v01-q"]},{"id":"withdrawn","start_date":"2024-03-21","alternative_model_ids":["ibm-mistralai/mixtral-8x7b-instruct-v01-q"]}]},{"model_id":"meta-llama/llama-2-13b-chat","label":"llama-2-13b-chat","provider":"Meta","source":"Hugging
        Face","short_description":"Llama-2-13b-chat is an auto-regressive language
        model that uses an optimized transformer architecture.","long_description":"Llama-2-13b-chat
        is a pretrained and fine-tuned generative text model with 13 billion parameters,
        optimized for dialogue use cases.","tier":"class_1","number_params":"13b","min_shot_size":1,"task_ids":["question_answering","summarization","retrieval_augmented_generation","classification","generation","code","extraction"],"tasks":[{"id":"question_answering","ratings":{"quality":4}},{"id":"summarization","ratings":{"quality":3},"tags":["function_prompt_tune_trainable"]},{"id":"retrieval_augmented_generation","ratings":{"quality":4}},{"id":"classification","ratings":{"quality":4},"tags":["function_prompt_tune_trainable"]},{"id":"generation","tags":["function_prompt_tune_trainable"]},{"id":"code"},{"id":"extraction","ratings":{"quality":4}}],"model_limits":{"max_sequence_length":4096,"training_data_max_records":10000},"limits":{"lite":{"call_time":"5m0s","max_output_tokens":2048},"v2-professional":{"call_time":"5m0s","max_output_tokens":4095},"v2-standard":{"call_time":"5m0s","max_output_tokens":4095}},"lifecycle":[{"id":"available","start_date":"2023-11-09"}],"training_parameters":{"init_method":{"supported":["random","text"],"default":"random"},"init_text":{"default":"text"},"num_virtual_tokens":{"supported":[20,50,100],"default":100},"num_epochs":{"default":20,"min":1,"max":50},"verbalizer":{"default":"{{input}}"},"batch_size":{"default":8,"min":1,"max":16},"max_input_tokens":{"default":256,"min":1,"max":256},"max_output_tokens":{"default":128,"min":1,"max":128},"torch_dtype":{"default":"bfloat16"},"accumulate_steps":{"default":16,"min":1,"max":128},"learning_rate":{"default":0.002,"min":0.00001,"max":0.5}}},{"model_id":"meta-llama/llama-2-70b-chat","label":"llama-2-70b-chat","provider":"Meta","source":"Hugging
        Face","short_description":"Llama-2-70b-chat is an auto-regressive language
        model that uses an optimized transformer architecture.","long_description":"Llama-2-70b-chat
        is a pretrained and fine-tuned generative text model with 70 billion parameters,
        optimized for dialogue use cases.","tier":"class_2","number_params":"70b","min_shot_size":1,"task_ids":["question_answering","summarization","retrieval_augmented_generation","classification","generation","code","extraction"],"tasks":[{"id":"question_answering","ratings":{"quality":4}},{"id":"summarization","ratings":{"quality":3}},{"id":"retrieval_augmented_generation","ratings":{"quality":4}},{"id":"classification","ratings":{"quality":4}},{"id":"generation"},{"id":"code"},{"id":"extraction","ratings":{"quality":4}}],"model_limits":{"max_sequence_length":4096},"limits":{"lite":{"call_time":"5m0s","max_output_tokens":900},"v2-professional":{"call_time":"5m0s","max_output_tokens":4095},"v2-standard":{"call_time":"5m0s","max_output_tokens":4095}},"lifecycle":[{"id":"available","start_date":"2023-09-07"}]}]}'
    headers:
      CF-Cache-Status:
      - DYNAMIC
      CF-RAY:
      - 859626fadc44968e-SJC
      Cache-Control:
      - no-cache, no-store, must-revalidate
      Connection:
      - keep-alive
      Content-Security-Policy:
      - default-src 'none'; script-src 'self'; connect-src 'self'; img-src 'self';
        style-src 'self'; frame-ancestors 'none'; form-action 'self';
      Content-Type:
      - application/json
      Date:
      - Thu, 22 Feb 2024 09:20:17 GMT
      Pragma:
      - no-cache
      Referrer-Policy:
      - strict-origin
      Server:
      - cloudflare
      Strict-Transport-Security:
      - max-age=31536000; includeSubDomains
      - max-age=31536000; includeSubDomains
      Transfer-Encoding:
      - chunked
      X-Content-Type-Options:
      - nosniff
      X-Frame-Options:
      - DENY
      X-Global-Transaction-Id:
      - ff2c0dd34be8bc75be0658354ea46fce
      X-Xss-Protection:
      - 1; mode=block
      - 1; mode=block
      content-length:
      - '20286'
      server-timing:
      - intid;desc=6122dac9ab3d34f5
    status:
      code: 200
      message: OK
- request:
    body: null
    headers:
      Accept:
      - '*/*'
      Accept-Encoding:
      - gzip, deflate
      Connection:
      - keep-alive
      User-Agent:
      - python-requests/2.31.0
      X-WML-User-Client:
      - PythonClient
    method: GET
    uri: https://us-south.ml.cloud.ibm.com/ml/v1-beta/foundation_model_specs?version=2023-09-30
  response:
    body:
      string: '{"total_count":14,"limit":100,"first":{"href":"https://us-south.ml.cloud.ibm.com/ml/v1-beta/foundation_model_specs?version=2023-09-30"},"resources":[{"model_id":"bigcode/starcoder","label":"starcoder-15.5b","provider":"BigCode","source":"Hugging
        Face","short_description":"The StarCoder models are 15.5B parameter models
        that can generate code from natural language descriptions.","long_description":"The
        StarCoder models are 15.5B parameter models trained on 80+ programming languages
        from The Stack (v1.2), with opt-out requests excluded. The model uses Multi
        Query Attention, a context window of 8192 tokens, and was trained using the
        Fill-in-the-Middle objective on 1 trillion tokens.","tier":"class_2","number_params":"15.5b","min_shot_size":0,"task_ids":["code"],"tasks":[{"id":"retrieval_augmented_generation","ratings":{"quality":1}},{"id":"code"}],"model_limits":{"max_sequence_length":8192},"limits":{"lite":{"call_time":"5m0s","max_output_tokens":8191},"v2-professional":{"call_time":"5m0s","max_output_tokens":8191},"v2-standard":{"call_time":"5m0s","max_output_tokens":8191}},"lifecycle":[{"id":"available","start_date":"2023-08-31"},{"id":"constricted","label":"deprecated
        and constricted","start_date":"2024-02-15","alternative_model_ids":["ibm-mistralai/mixtral-8x7b-instruct-v01-q"]},{"id":"withdrawn","start_date":"2024-03-21","alternative_model_ids":["ibm-mistralai/mixtral-8x7b-instruct-v01-q"]}]},{"model_id":"bigscience/mt0-xxl","label":"mt0-xxl-13b","provider":"BigScience","source":"Hugging
        Face","short_description":"An instruction-tuned iteration on mT5.","long_description":"mt0-xxl
        (13B) is an instruction-tuned iteration on mT5. Like BLOOMZ, it was fine-tuned
        on a cross-lingual task mixture dataset (xP3) using multitask prompted finetuning
        (MTF).","tier":"class_2","number_params":"13b","min_shot_size":0,"task_ids":["question_answering","summarization","classification","generation"],"tasks":[{"id":"question_answering","ratings":{"quality":3}},{"id":"summarization","ratings":{"quality":3}},{"id":"retrieval_augmented_generation","ratings":{"quality":2}},{"id":"classification","ratings":{"quality":3}},{"id":"generation"},{"id":"extraction","ratings":{"quality":2}}],"model_limits":{"max_sequence_length":4096},"limits":{"lite":{"call_time":"5m0s","max_output_tokens":700},"v2-professional":{"call_time":"5m0s","max_output_tokens":4095},"v2-standard":{"call_time":"5m0s","max_output_tokens":4095}},"lifecycle":[{"id":"available","start_date":"2023-07-07"}]},{"model_id":"eleutherai/gpt-neox-20b","label":"gpt-neox-20b","provider":"EleutherAI","source":"Hugging
        Face","short_description":"A 20 billion parameter autoregressive language
        model trained on the Pile.","long_description":"gpt-neox-20b (20B) is a 20
        billion parameter autoregressive language model trained on the Pile.","tier":"class_3","number_params":"20b","min_shot_size":1,"task_ids":["summarization","classification","generation"],"tasks":[{"id":"question_answering","ratings":{"quality":2}},{"id":"summarization","ratings":{"quality":3}},{"id":"retrieval_augmented_generation","ratings":{"quality":1}},{"id":"classification","ratings":{"quality":3}},{"id":"generation"},{"id":"extraction","ratings":{"quality":2}}],"model_limits":{"max_sequence_length":8192},"limits":{"lite":{"call_time":"5m0s","max_output_tokens":700},"v2-professional":{"call_time":"5m0s","max_output_tokens":8191},"v2-standard":{"call_time":"5m0s","max_output_tokens":8191}},"lifecycle":[{"id":"available","start_date":"2023-07-07"},{"id":"constricted","label":"deprecated
        and constricted","start_date":"2024-02-15","alternative_model_ids":["ibm-mistralai/mixtral-8x7b-instruct-v01-q"]},{"id":"withdrawn","start_date":"2024-03-21","alternative_model_ids":["ibm-mistralai/mixtral-8x7b-instruct-v01-q"]}]},{"model_id":"google/flan-t5-xl","label":"flan-t5-xl-3b","provider":"Google","source":"Hugging
        Face","short_description":"A pretrained T5 - an encoder-decoder model pre-trained
        on a mixture of supervised / unsupervised tasks converted into a text-to-text
        format.","long_description":"flan-t5-xl (3B) is a 3 billion parameter model
        based on the Flan-T5 family. It is a pretrained T5 - an encoder-decoder model
        pre-trained on a mixture of supervised / unsupervised tasks converted into
        a text-to-text format, and fine-tuned on the Fine-tuned Language Net (FLAN)
        with instructions for better zero-shot and few-shot performance.","tier":"class_1","number_params":"3b","min_shot_size":0,"task_ids":["question_answering","summarization","retrieval_augmented_generation","classification","generation","extraction"],"tasks":[{"id":"question_answering"},{"id":"summarization","tags":["function_prompt_tune_trainable"]},{"id":"retrieval_augmented_generation"},{"id":"classification","tags":["function_prompt_tune_trainable"]},{"id":"generation","tags":["function_prompt_tune_trainable"]},{"id":"extraction"}],"model_limits":{"max_sequence_length":4096},"limits":{"lite":{"call_time":"5m0s","max_output_tokens":4095},"v2-professional":{"call_time":"5m0s","max_output_tokens":4095},"v2-standard":{"call_time":"5m0s","max_output_tokens":4095}},"lifecycle":[{"id":"available","start_date":"2023-12-07"}],"training_parameters":{"init_method":{"supported":["random","text"],"default":"random"},"init_text":{"default":"text"},"num_virtual_tokens":{"supported":[20,50,100],"default":100},"num_epochs":{"default":20,"min":1,"max":50},"verbalizer":{"default":"Input:
        {{input}} Output:"},"batch_size":{"default":16,"min":1,"max":16},"max_input_tokens":{"default":256,"min":1,"max":256},"max_output_tokens":{"default":128,"min":1,"max":128},"torch_dtype":{"default":"bfloat16"},"accumulate_steps":{"default":16,"min":1,"max":128},"learning_rate":{"default":0.3,"min":0.00001,"max":0.5}}},{"model_id":"google/flan-t5-xxl","label":"flan-t5-xxl-11b","provider":"Google","source":"Hugging
        Face","short_description":"flan-t5-xxl is an 11 billion parameter model based
        on the Flan-T5 family.","long_description":"flan-t5-xxl (11B) is an 11 billion
        parameter model based on the Flan-T5 family. It is a pretrained T5 - an encoder-decoder
        model pre-trained on a mixture of supervised / unsupervised tasks converted
        into a text-to-text format, and fine-tuned on the Fine-tuned Language Net
        (FLAN) with instructions for better zero-shot and few-shot performance.","tier":"class_2","number_params":"11b","min_shot_size":0,"task_ids":["question_answering","summarization","retrieval_augmented_generation","classification","generation","extraction"],"tasks":[{"id":"question_answering","ratings":{"quality":4}},{"id":"summarization","ratings":{"quality":4}},{"id":"retrieval_augmented_generation","ratings":{"quality":3}},{"id":"classification","ratings":{"quality":4}},{"id":"generation"},{"id":"extraction","ratings":{"quality":4}}],"model_limits":{"max_sequence_length":4096},"limits":{"lite":{"call_time":"5m0s","max_output_tokens":700},"v2-professional":{"call_time":"5m0s","max_output_tokens":4095},"v2-standard":{"call_time":"5m0s","max_output_tokens":4095}},"lifecycle":[{"id":"available","start_date":"2023-07-07"}]},{"model_id":"google/flan-ul2","label":"flan-ul2-20b","provider":"Google","source":"Hugging
        Face","short_description":"flan-ul2 is an encoder decoder model based on the
        T5 architecture and instruction-tuned using the Fine-tuned Language Net.","long_description":"flan-ul2
        (20B) is an encoder decoder model based on the T5 architecture and instruction-tuned
        using the Fine-tuned Language Net (FLAN). Compared to the original UL2 model,
        flan-ul2 (20B) is more usable for few-shot in-context learning because it
        was trained with a three times larger receptive field. flan-ul2 (20B) outperforms
        flan-t5 (11B) by an overall relative improvement of +3.2%.","tier":"class_3","number_params":"20b","min_shot_size":0,"task_ids":["question_answering","summarization","retrieval_augmented_generation","classification","generation","extraction"],"tasks":[{"id":"question_answering","ratings":{"quality":4}},{"id":"summarization","ratings":{"quality":4}},{"id":"retrieval_augmented_generation","ratings":{"quality":4}},{"id":"classification","ratings":{"quality":4}},{"id":"generation"},{"id":"extraction","ratings":{"quality":4}}],"model_limits":{"max_sequence_length":4096},"limits":{"lite":{"call_time":"5m0s","max_output_tokens":700},"v2-professional":{"call_time":"5m0s","max_output_tokens":4095},"v2-standard":{"call_time":"5m0s","max_output_tokens":4095}},"lifecycle":[{"id":"available","start_date":"2023-07-07"}]},{"model_id":"ibm-mistralai/mixtral-8x7b-instruct-v01-q","label":"mixtral-8x7b-instruct-v01-q","provider":"Mistral
        AI","tuned_by":"IBM","source":"Hugging Face","short_description":"Mixtral-8-7b-instruct-v01-gptq
        model is made with AutoGPTQ, which mainly leverages the quantization technique
        to ''compress'' the model weights from FP16 to 4-bit INT and performs ''decompression''
        on-the-fly before computation (in FP16)","long_description":"This model is
        made with AutoGPTQ, which mainly leverages the quantization technique to ''compress''
        the model weights from FP16 to 4-bit INT and performs ''decompression'' on-the-fly
        before computation (in FP16). As a result, the GPU memory, and the data transferring
        between GPU memory and GPU compute engine, compared to the original FP16 model,
        is greatly reduced. The major quantization parameters used in the process
        are listed below.","tier":"class_2","number_params":"7b","min_shot_size":1,"task_ids":["summarization","retrieval_augmented_generation","classification","generation","code","extraction"],"tasks":[{"id":"summarization","ratings":{"quality":4}},{"id":"retrieval_augmented_generation","ratings":{"quality":3}},{"id":"classification","ratings":{"quality":4}},{"id":"generation"},{"id":"code"},{"id":"extraction","ratings":{"quality":4}}],"model_limits":{"max_sequence_length":32768},"limits":{"lite":{"call_time":"5m0s","max_output_tokens":4096},"v2-professional":{"call_time":"5m0s","max_output_tokens":4096},"v2-standard":{"call_time":"5m0s","max_output_tokens":4096}},"lifecycle":[{"id":"available","start_date":"2024-02-15"}]},{"model_id":"ibm/granite-13b-chat-v1","label":"granite-13b-chat-v1","provider":"IBM","source":"IBM","short_description":"The
        Granite model series is a family of IBM-trained, dense decoder-only models,
        which are particularly well-suited for generative tasks.","long_description":"Granite
        models are designed to be used for a wide range of generative and non-generative
        tasks with appropriate prompt engineering. They employ a GPT-style decoder-only
        architecture, with additional innovations from IBM Research and the open community.","tier":"class_1","number_params":"13b","min_shot_size":0,"task_ids":["question_answering","summarization","classification","generation","extraction"],"tasks":[{"id":"question_answering","ratings":{"quality":3}},{"id":"summarization","ratings":{"quality":2}},{"id":"retrieval_augmented_generation","ratings":{"quality":2}},{"id":"classification","ratings":{"quality":3}},{"id":"generation"},{"id":"extraction","ratings":{"quality":2}}],"model_limits":{"max_sequence_length":8192},"limits":{"lite":{"call_time":"5m0s","max_output_tokens":8191},"v2-professional":{"call_time":"5m0s","max_output_tokens":8191},"v2-standard":{"call_time":"5m0s","max_output_tokens":8191}},"lifecycle":[{"id":"available","start_date":"2023-09-28"},{"id":"constricted","label":"deprecated
        and constricted","start_date":"2024-01-11","alternative_model_ids":["ibm/granite-13b-chat-v2"]},{"id":"withdrawn","start_date":"2024-04-11","alternative_model_ids":["ibm/granite-13b-chat-v2"]}]},{"model_id":"ibm/granite-13b-chat-v2","label":"granite-13b-chat-v2","provider":"IBM","source":"IBM","short_description":"The
        Granite model series is a family of IBM-trained, dense decoder-only models,
        which are particularly well-suited for generative tasks.","long_description":"Granite
        models are designed to be used for a wide range of generative and non-generative
        tasks with appropriate prompt engineering. They employ a GPT-style decoder-only
        architecture, with additional innovations from IBM Research and the open community.","tier":"class_1","number_params":"13b","min_shot_size":0,"task_ids":["question_answering","summarization","classification","generation","extraction"],"tasks":[{"id":"question_answering","ratings":{"quality":3}},{"id":"summarization","ratings":{"quality":2}},{"id":"retrieval_augmented_generation","ratings":{"quality":2}},{"id":"classification","ratings":{"quality":3}},{"id":"generation"},{"id":"extraction","ratings":{"quality":2}}],"model_limits":{"max_sequence_length":8192},"limits":{"lite":{"call_time":"5m0s","max_output_tokens":8191},"v2-professional":{"call_time":"5m0s","max_output_tokens":8191},"v2-standard":{"call_time":"5m0s","max_output_tokens":8191}},"lifecycle":[{"id":"available","start_date":"2024-02-15"}]},{"model_id":"ibm/granite-13b-instruct-v1","label":"granite-13b-instruct-v1","provider":"IBM","source":"IBM","short_description":"The
        Granite model series is a family of IBM-trained, dense decoder-only models,
        which are particularly well-suited for generative tasks.","long_description":"Granite
        models are designed to be used for a wide range of generative and non-generative
        tasks with appropriate prompt engineering. They employ a GPT-style decoder-only
        architecture, with additional innovations from IBM Research and the open community.","tier":"class_1","number_params":"13b","min_shot_size":0,"task_ids":["question_answering","summarization","classification","generation","extraction"],"tasks":[{"id":"question_answering","ratings":{"quality":3}},{"id":"summarization","ratings":{"quality":2}},{"id":"retrieval_augmented_generation","ratings":{"quality":2}},{"id":"classification","ratings":{"quality":3}},{"id":"generation"},{"id":"extraction","ratings":{"quality":2}}],"model_limits":{"max_sequence_length":8192},"limits":{"lite":{"call_time":"5m0s","max_output_tokens":8191},"v2-professional":{"call_time":"5m0s","max_output_tokens":8191},"v2-standard":{"call_time":"5m0s","max_output_tokens":8191}},"lifecycle":[{"id":"available","start_date":"2023-09-28"},{"id":"constricted","label":"deprecated
        and constricted","start_date":"2024-01-11","alternative_model_ids":["ibm/granite-13b-instruct-v2"]},{"id":"withdrawn","start_date":"2024-04-11","alternative_model_ids":["ibm/granite-13b-instruct-v2"]}]},{"model_id":"ibm/granite-13b-instruct-v2","label":"granite-13b-instruct-v2","provider":"IBM","source":"IBM","short_description":"The
        Granite model series is a family of IBM-trained, dense decoder-only models,
        which are particularly well-suited for generative tasks.","long_description":"Granite
        models are designed to be used for a wide range of generative and non-generative
        tasks with appropriate prompt engineering. They employ a GPT-style decoder-only
        architecture, with additional innovations from IBM Research and the open community.","tier":"class_1","number_params":"13b","min_shot_size":0,"task_ids":["question_answering","summarization","classification","generation","extraction"],"tasks":[{"id":"question_answering","ratings":{"quality":3}},{"id":"summarization","ratings":{"quality":2}},{"id":"retrieval_augmented_generation","ratings":{"quality":2}},{"id":"classification","ratings":{"quality":3}},{"id":"generation"},{"id":"extraction","ratings":{"quality":2}}],"model_limits":{"max_sequence_length":8192},"limits":{"lite":{"call_time":"5m0s","max_output_tokens":8191},"v2-professional":{"call_time":"5m0s","max_output_tokens":8191},"v2-standard":{"call_time":"5m0s","max_output_tokens":8191}},"lifecycle":[{"id":"available","start_date":"2023-12-01"}]},{"model_id":"ibm/mpt-7b-instruct2","label":"mpt-7b-instruct2","provider":"Mosaic","tuned_by":"IBM","source":"Hugging
        Face","short_description":"MPT-7B is a decoder-style transformer pretrained
        from scratch on 1T tokens of English text and code. This model was trained
        by IBM.","long_description":"MPT-7B is part of the family of MosaicPretrainedTransformer
        (MPT) models, which use a modified transformer architecture optimized for
        efficient training and inference. These architectural changes include performance-optimized
        layer implementations and the elimination of context length limits by replacing
        positional embeddings with Attention with Linear Biases (ALiBi).","tier":"class_1","number_params":"7b","min_shot_size":0,"task_ids":["summarization","classification","generation","extraction"],"tasks":[{"id":"question_answering","ratings":{"quality":2}},{"id":"summarization","ratings":{"quality":3}},{"id":"retrieval_augmented_generation","ratings":{"quality":1}},{"id":"classification","ratings":{"quality":3}},{"id":"generation"},{"id":"extraction","ratings":{"quality":3}}],"model_limits":{"max_sequence_length":2048},"limits":{"lite":{"call_time":"5m0s","max_output_tokens":500},"v2-professional":{"call_time":"5m0s","max_output_tokens":2047},"v2-standard":{"call_time":"5m0s","max_output_tokens":2047}},"lifecycle":[{"id":"available","start_date":"2023-07-07"},{"id":"constricted","label":"deprecated
        and constricted","start_date":"2024-02-15","alternative_model_ids":["ibm-mistralai/mixtral-8x7b-instruct-v01-q"]},{"id":"withdrawn","start_date":"2024-03-21","alternative_model_ids":["ibm-mistralai/mixtral-8x7b-instruct-v01-q"]}]},{"model_id":"meta-llama/llama-2-13b-chat","label":"llama-2-13b-chat","provider":"Meta","source":"Hugging
        Face","short_description":"Llama-2-13b-chat is an auto-regressive language
        model that uses an optimized transformer architecture.","long_description":"Llama-2-13b-chat
        is a pretrained and fine-tuned generative text model with 13 billion parameters,
        optimized for dialogue use cases.","tier":"class_1","number_params":"13b","min_shot_size":1,"task_ids":["question_answering","summarization","retrieval_augmented_generation","classification","generation","code","extraction"],"tasks":[{"id":"question_answering","ratings":{"quality":4}},{"id":"summarization","ratings":{"quality":3},"tags":["function_prompt_tune_trainable"]},{"id":"retrieval_augmented_generation","ratings":{"quality":4}},{"id":"classification","ratings":{"quality":4},"tags":["function_prompt_tune_trainable"]},{"id":"generation","tags":["function_prompt_tune_trainable"]},{"id":"code"},{"id":"extraction","ratings":{"quality":4}}],"model_limits":{"max_sequence_length":4096,"training_data_max_records":10000},"limits":{"lite":{"call_time":"5m0s","max_output_tokens":2048},"v2-professional":{"call_time":"5m0s","max_output_tokens":4095},"v2-standard":{"call_time":"5m0s","max_output_tokens":4095}},"lifecycle":[{"id":"available","start_date":"2023-11-09"}],"training_parameters":{"init_method":{"supported":["random","text"],"default":"random"},"init_text":{"default":"text"},"num_virtual_tokens":{"supported":[20,50,100],"default":100},"num_epochs":{"default":20,"min":1,"max":50},"verbalizer":{"default":"{{input}}"},"batch_size":{"default":8,"min":1,"max":16},"max_input_tokens":{"default":256,"min":1,"max":256},"max_output_tokens":{"default":128,"min":1,"max":128},"torch_dtype":{"default":"bfloat16"},"accumulate_steps":{"default":16,"min":1,"max":128},"learning_rate":{"default":0.002,"min":0.00001,"max":0.5}}},{"model_id":"meta-llama/llama-2-70b-chat","label":"llama-2-70b-chat","provider":"Meta","source":"Hugging
        Face","short_description":"Llama-2-70b-chat is an auto-regressive language
        model that uses an optimized transformer architecture.","long_description":"Llama-2-70b-chat
        is a pretrained and fine-tuned generative text model with 70 billion parameters,
        optimized for dialogue use cases.","tier":"class_2","number_params":"70b","min_shot_size":1,"task_ids":["question_answering","summarization","retrieval_augmented_generation","classification","generation","code","extraction"],"tasks":[{"id":"question_answering","ratings":{"quality":4}},{"id":"summarization","ratings":{"quality":3}},{"id":"retrieval_augmented_generation","ratings":{"quality":4}},{"id":"classification","ratings":{"quality":4}},{"id":"generation"},{"id":"code"},{"id":"extraction","ratings":{"quality":4}}],"model_limits":{"max_sequence_length":4096},"limits":{"lite":{"call_time":"5m0s","max_output_tokens":900},"v2-professional":{"call_time":"5m0s","max_output_tokens":4095},"v2-standard":{"call_time":"5m0s","max_output_tokens":4095}},"lifecycle":[{"id":"available","start_date":"2023-09-07"}]}]}'
    headers:
      CF-Cache-Status:
      - DYNAMIC
      CF-RAY:
      - 8596270a8c76cf97-SJC
      Cache-Control:
      - no-cache, no-store, must-revalidate
      Connection:
      - keep-alive
      Content-Security-Policy:
      - default-src 'none'; script-src 'self'; connect-src 'self'; img-src 'self';
        style-src 'self'; frame-ancestors 'none'; form-action 'self';
      Content-Type:
      - application/json
      Date:
      - Thu, 22 Feb 2024 09:20:19 GMT
      Pragma:
      - no-cache
      Referrer-Policy:
      - strict-origin
      Server:
      - cloudflare
      Strict-Transport-Security:
      - max-age=31536000; includeSubDomains
      - max-age=31536000; includeSubDomains
      Transfer-Encoding:
      - chunked
      X-Content-Type-Options:
      - nosniff
      X-Frame-Options:
      - DENY
      X-Global-Transaction-Id:
      - ad1b8e09c092d27d6e519e09d363000c
      X-Xss-Protection:
      - 1; mode=block
      - 1; mode=block
      content-length:
      - '20286'
      server-timing:
      - intid;desc=63815d23d02236a6
    status:
      code: 200
      message: OK
- request:
    body: '{"model_id": "google/flan-ul2", "input": "What is 1 + 1?", "project_id":
      "c1234567-2222-2222-3333-444444444444"}'
    headers:
      Accept:
      - '*/*'
      Accept-Encoding:
      - gzip, deflate
      Connection:
      - keep-alive
      Content-Length:
      - '112'
      Content-Type:
      - application/json
      ML-Instance-ID:
      - fd36e2e7-6b2b-480d-90a7-62b0e78389d3
      User-Agent:
      - python-requests/2.31.0
      X-WML-User-Client:
      - PythonClient
      x-wml-internal-switch-to-new-v4:
      - 'true'
    method: POST
    uri: https://us-south.ml.cloud.ibm.com/ml/v1-beta/generation/text?version=2024-02-07
  response:
    body:
      string: '{"model_id":"google/flan-ul2","created_at":"2024-02-22T09:20:21.911Z","results":[{"generated_text":"2","generated_token_count":2,"input_token_count":7,"stop_reason":"eos_token"}],"system":{"warnings":[{"message":"This
        model is a Non-IBM Product governed by a third-party license that may impose
        use restrictions and other obligations. By using this model you agree to its
        terms as identified in the following URL.","id":"disclaimer_warning","more_info":"https://dataplatform.cloud.ibm.com/docs/content/wsj/analyze-data/fm-models.html?context=wx"}]}}'
    headers:
      CF-Cache-Status:
      - DYNAMIC
      CF-RAY:
      - 859627153ca1d019-SJC
      Cache-Control:
      - no-cache, no-store, must-revalidate
      Connection:
      - keep-alive
      Content-Security-Policy:
      - default-src 'none'; script-src 'self'; connect-src 'self'; img-src 'self';
        style-src 'self'; frame-ancestors 'none'; form-action 'self';
      Content-Type:
      - application/json
      Date:
      - Thu, 22 Feb 2024 09:20:21 GMT
      Pragma:
      - no-cache
      Referrer-Policy:
      - strict-origin
      Server:
      - cloudflare
      Strict-Transport-Security:
      - max-age=31536000; includeSubDomains
      - max-age=31536000; includeSubDomains
      Transfer-Encoding:
      - chunked
      X-Content-Type-Options:
      - nosniff
      X-Frame-Options:
      - DENY
      X-Global-Transaction-Id:
      - dfffec31a2eff49c92e229ac6c87ded1
      X-Xss-Protection:
      - 1; mode=block
      - 1; mode=block
      content-length:
      - '549'
      server-timing:
      - intid;desc=82b56e387558591a
    status:
      code: 200
      message: OK
version: 1
